"Catppuccin Latte" "https://github.com/Hyprdots-Project/hyprdots-plus-themes/tree/Catppuccin-Latte"
"Catppuccin Mocha" "https://github.com/Hyprdots-Project/hyprdots-plus-themes/tree/Catppuccin-Mocha"
"Decay Green" "https://github.com/Hyprdots-Project/hyprdots-plus-themes/tree/Decay-Green"
"Edge Runner" "https://github.com/Hyprdots-Project/hyprdots-plus-themes/tree/Edge-Runner"
"Frosted Glass" "https://github.com/Hyprdots-Project/hyprdots-plus-themes/tree/Frosted-Glass"
"Graphite Mono" "https://github.com/Hyprdots-Project/hyprdots-plus-themes/tree/Graphite-Mono"
"Gruvbox Retro" "https://github.com/Hyprdots-Project/hyprdots-plus-themes/tree/Gruvbox-Retro"
"Material Sakura" "https://github.com/Hyprdots-Project/hyprdots-plus-themes/tree/Material-Sakura"
"Nordic Blue" "https://github.com/Hyprdots-Project/hyprdots-plus-themes/tree/Nordic-Blue"
"Rosé Pine" "https://github.com/Hyprdots-Project/hyprdots-plus-themes/tree/Rosé-Pine"
"Synth Wave" "https://github.com/Hyprdots-Project/hyprdots-plus-themes/tree/Synth-Wave"
"Tokyo Night" "https://github.com/Hyprdots-Project/hyprdots-plus-themes/tree/Tokyo-Night"
